******************************************************************************
                  MSP430 Linker PC v18.1.5                     
******************************************************************************
>> Linked Tue Mar 12 00:09:22 2019

OUTPUT FILE NAME:   <ElectronicLevel.out>
ENTRY POINT SYMBOL: "_c_int00_noargs"  address: 0000d32e


MEMORY CONFIGURATION

         name            origin    length      used     unused   attr    fill
----------------------  --------  ---------  --------  --------  ----  --------
  SFR                   00000000   00000010  00000000  00000010  RWIX
  PERIPHERALS_8BIT      00000010   000000f0  00000000  000000f0  RWIX
  PERIPHERALS_16BIT     00000100   00000100  00000000  00000100  RWIX
  RAM                   00000200   00000200  000000fb  00000105  RWIX
  INFOD                 00001000   00000040  00000000  00000040  RWIX
  INFOC                 00001040   00000040  00000000  00000040  RWIX
  INFOB                 00001080   00000040  00000000  00000040  RWIX
  INFOA                 000010c0   00000040  00000000  00000040  RWIX
  FLASH                 0000c000   00003fde  000017fe  000027e0  RWIX
  BSLSIGNATURE          0000ffde   00000002  00000002  00000000  RWIX  ffff 
  INT00                 0000ffe0   00000002  00000002  00000000  RWIX
  INT01                 0000ffe2   00000002  00000000  00000002  RWIX
  INT02                 0000ffe4   00000002  00000002  00000000  RWIX
  INT03                 0000ffe6   00000002  00000002  00000000  RWIX
  INT04                 0000ffe8   00000002  00000000  00000002  RWIX
  INT05                 0000ffea   00000002  00000002  00000000  RWIX
  INT06                 0000ffec   00000002  00000002  00000000  RWIX
  INT07                 0000ffee   00000002  00000002  00000000  RWIX
  INT08                 0000fff0   00000002  00000002  00000000  RWIX
  INT09                 0000fff2   00000002  00000002  00000000  RWIX
  INT10                 0000fff4   00000002  00000002  00000000  RWIX
  INT11                 0000fff6   00000002  00000002  00000000  RWIX
  INT12                 0000fff8   00000002  00000002  00000000  RWIX
  INT13                 0000fffa   00000002  00000002  00000000  RWIX
  INT14                 0000fffc   00000002  00000002  00000000  RWIX
  RESET                 0000fffe   00000002  00000002  00000000  RWIX


SECTION ALLOCATION MAP

 output                                  attributes/
section   page    origin      length       input sections
--------  ----  ----------  ----------   ----------------
.bss       0    00000200    0000008a     UNINITIALIZED
                  00000200    00000040     (.common:array)
                  00000240    0000003c     (.common:tasks)
                  0000027c    00000004     led.obj (.bss)
                  00000280    00000002     (.common:phi)
                  00000282    00000002     (.common:theta)
                  00000284    00000002     (.common:x0)
                  00000286    00000002     (.common:y0)
                  00000288    00000002     (.common:z0)

.data      0    0000028a    00000021     UNINITIALIZED
                  0000028a    0000000c     main.obj (.data:calibVals$3)
                  00000296    00000006     math.obj (.data:arr)
                  0000029c    00000006     adc.obj (.data:samples)
                  000002a2    00000006     tasks.obj (.data)
                  000002a8    00000002     button.obj (.data)
                  000002aa    00000001     main.obj (.data)

.stack     0    000003b0    00000050     UNINITIALIZED
                  000003b0    00000002     rts430_eabi.lib : boot.c.obj (.stack)
                  000003b2    0000004e     --HOLE--

.text      0    0000c000    00001404     
                  0000c000    0000035a     print.obj (.text:print)
                  0000c35a    00000314     main.obj (.text:main)
                  0000c66e    00000204     led.obj (.text:display)
                  0000c872    0000017a     led.obj (.text:updateTicks)
                  0000c9ec    0000014c     button.obj (.text:debouncer)
                  0000cb38    00000108     QmathLib_CCS_MPYsoftware_CPU.lib : _QNatan2.o (.text:_Q15atan2PU)
                  0000cc40    000000d4     led.obj (.text:updateOnPhi)
                  0000cd14    000000ca     QmathLib_CCS_MPYsoftware_CPU.lib : _QNsqrt.o (.text:_Qmag)
                  0000cdde    000000be     tasks.obj (.text:printReadings)
                  0000ce9c    000000a6     led.obj (.text:updateOnTheta)
                  0000cf42    0000009e     math.obj (.text:filter)
                  0000cfe0    0000007c     rts430_eabi.lib : copy_decompress_lzss.c.obj (.text:decompress:lzss:__TI_decompress_lzss)
                  0000d05c    0000006a     math.obj (.text:getOrientation)
                  0000d0c6    00000064     QmathLib_CCS_MPYsoftware_CPU.lib : _QNdiv.o (.text:_UQ15div)
                  0000d12a    0000005c                                      : __QNmpySW.o (.text:_Q15mpy)
                  0000d186    0000004c     rts430_eabi.lib : lsr16.asm.obj (.text)
                  0000d1d2    00000046     timer.obj (.text:scheduler)
                  0000d218    00000042     rts430_eabi.lib : autoinit.c.obj (.text:__TI_auto_init_nobinit_nopinit:__TI_auto_init_nobinit_nopinit)
                  0000d25a    0000002c     QmathLib_CCS_MPYsoftware_CPU.lib : __QNumpySW.o (.text:_Q15umpy)
                  0000d286    0000002c     rts430_eabi.lib : asr16.asm.obj (.text)
                  0000d2b2    0000002c                     : lsl16.asm.obj (.text)
                  0000d2de    0000002a     button.obj (.text:onButtonPress)
                  0000d308    00000026     rts430_eabi.lib : mult32.asm.obj (.text)
                  0000d32e    0000001c                     : boot.c.obj (.text:_c_int00_noargs)
                  0000d34a    0000001a     adc.obj (.text:onRead)
                  0000d364    0000001a     print.obj (.text:puts)
                  0000d37e    00000014     rts430_eabi.lib : copy_zero_init.c.obj (.text:decompress:ZI:__TI_zero_init_nomemset:__TI_zero_init_nomemset)
                  0000d392    00000012                     : copy_decompress_none.c.obj (.text:decompress:none:__TI_decompress_none)
                  0000d3a4    00000010                     : memcpy.c.obj (.text:memcpy)
                  0000d3b4    00000010                     : epilog.asm.obj (.text)
                  0000d3c4    0000000c     print.obj (.text:putc)
                  0000d3d0    0000000c     adc.obj (.text:readADC)
                  0000d3dc    0000000a     print.obj (.text:USCI0RX_ISR)
                  0000d3e6    0000000a     tasks.obj (.text:sysTick)
                  0000d3f0    00000008     rts430_eabi.lib : isr_trap.asm.obj (.text:_isr:__TI_ISR_TRAP)
                  0000d3f8    00000006                     : exit.c.obj (.text:abort)
                  0000d3fe    00000004                     : pre_init.c.obj (.text:_system_pre_init)
                  0000d402    00000002                     : startup.c.obj (.text:_system_post_cinit)

.const     0    0000d404    000003e0     
                  0000d404    00000100     QmathLib_CCS_MPYsoftware_CPU.lib : _QNtables.o (.const:_Q16div_coeffs)
                  0000d504    000000c0                                      : _QNtables.o (.const:_Q16sqrt_coeffs)
                  0000d5c4    000000be     <whole-program> (.const:.string)
                  0000d682    00000084     QmathLib_CCS_MPYsoftware_CPU.lib : _QNtables.o (.const:_Q16atanPU_coeffs)
                  0000d706    0000003e     led.obj (.const:orientations$2)
                  0000d744    00000028     print.obj (.const:dv$5)
                  0000d76c    0000001e     led.obj (.const:.string:duties$2)
                  0000d78a    0000001e     led.obj (.const:.string:fans$2)
                  0000d7a8    00000010     print.obj (.const:.string:hex$1$5)
                  0000d7b8    00000010     led.obj (.const:slices$2)
                  0000d7c8    0000000e     led.obj (.const:mapping$2)
                  0000d7d6    00000008     led.obj (.const:$P$T1$1$2)
                  0000d7de    00000006     tasks.obj (.const:$P$T1$1$7)

.cinit     0    0000d7e4    0000001a     
                  0000d7e4    00000008     (.cinit..data.load) [load image, compression = lzss]
                  0000d7ec    00000006     (__TI_handler_table)
                  0000d7f2    00000004     (.cinit..bss.load) [load image, compression = zero_init]
                  0000d7f6    00000008     (__TI_cinit_table)

.binit     0    0000c000    00000000     

.init_array 
*          0    0000c000    00000000     UNINITIALIZED

TRAPINT    0    0000ffe0    00000002     
                  0000ffe0    00000002     rts430_eabi.lib : int00.asm.obj (.int00)

PORT1      0    0000ffe4    00000002     
                  0000ffe4    00000002     <whole-program> (.int02)

PORT2      0    0000ffe6    00000002     
                  0000ffe6    00000002     rts430_eabi.lib : int03.asm.obj (.int03)

ADC10      0    0000ffea    00000002     
                  0000ffea    00000002     <whole-program> (.int05)

USCIAB0TX 
*          0    0000ffec    00000002     
                  0000ffec    00000002     rts430_eabi.lib : int06.asm.obj (.int06)

USCIAB0RX 
*          0    0000ffee    00000002     
                  0000ffee    00000002     <whole-program> (.int07)

TIMER0_A1 
*          0    0000fff0    00000002     
                  0000fff0    00000002     rts430_eabi.lib : int08.asm.obj (.int08)

TIMER0_A0 
*          0    0000fff2    00000002     
                  0000fff2    00000002     rts430_eabi.lib : int09.asm.obj (.int09)

WDT        0    0000fff4    00000002     
                  0000fff4    00000002     <whole-program> (.int10)

COMPARATORA 
*          0    0000fff6    00000002     
                  0000fff6    00000002     rts430_eabi.lib : int11.asm.obj (.int11)

TIMER1_A1 
*          0    0000fff8    00000002     
                  0000fff8    00000002     rts430_eabi.lib : int12.asm.obj (.int12)

TIMER1_A0 
*          0    0000fffa    00000002     
                  0000fffa    00000002     <whole-program> (.int13)

NMI        0    0000fffc    00000002     
                  0000fffc    00000002     rts430_eabi.lib : int14.asm.obj (.int14)

.reset     0    0000fffe    00000002     
                  0000fffe    00000002     rts430_eabi.lib : boot.c.obj (.reset)

$fill000   0    0000ffde    00000002     
                  0000ffde    00000002     --HOLE-- [fill = ffff]

MODULE SUMMARY

       Module                                   code   ro data   rw data
       ------                                   ----   -------   -------
    .\
       led.obj                                  1272   160       4      
       print.obj                                906    56        0      
       main.obj                                 788    0         13     
       button.obj                               374    0         2      
       math.obj                                 264    0         6      
       tasks.obj                                200    6         6      
       timer.obj                                70     0         0      
       adc.obj                                  38     0         6      
    +--+----------------------------------------+------+---------+---------+
       Total:                                   3912   222       37     
                                                                        
    C:\Users\krad2\AppData\Local\Temp\
       {2B9DB160-98E3-4899-8E68-D5EDEEB4B97A}   0      200       134    
    +--+----------------------------------------+------+---------+---------+
       Total:                                   0      200       134    
                                                                        
    C:\ti\ccsv8\tools\compiler\ti-cgt-msp430_18.1.5.LTS\lib\rts430_eabi.lib
       copy_decompress_lzss.c.obj               124    0         0      
       lsr16.asm.obj                            76     0         0      
       autoinit.c.obj                           66     0         0      
       asr16.asm.obj                            44     0         0      
       lsl16.asm.obj                            44     0         0      
       mult32.asm.obj                           38     0         0      
       boot.c.obj                               28     2         0      
       copy_zero_init.c.obj                     20     0         0      
       copy_decompress_none.c.obj               18     0         0      
       epilog.asm.obj                           16     0         0      
       memcpy.c.obj                             16     0         0      
       isr_trap.asm.obj                         8      0         0      
       exit.c.obj                               6      0         0      
       pre_init.c.obj                           4      0         0      
       int00.asm.obj                            0      2         0      
       int03.asm.obj                            0      2         0      
       int06.asm.obj                            0      2         0      
       int08.asm.obj                            0      2         0      
       int09.asm.obj                            0      2         0      
       int11.asm.obj                            0      2         0      
       int12.asm.obj                            0      2         0      
       int14.asm.obj                            0      2         0      
       startup.c.obj                            2      0         0      
    +--+----------------------------------------+------+---------+---------+
       Total:                                   510    18        0      
                                                                        
    C:\ti\msp430\IQMATHLIB_01_10_00_05\libraries\CCS\MPYsoftware\QmathLib_CCS_MPYsoftware_CPU.lib
       _QNtables.o                              0      580       0      
       _QNatan2.o                               264    0         0      
       _QNsqrt.o                                202    0         0      
       _QNdiv.o                                 100    0         0      
       __QNmpySW.o                              92     0         0      
       __QNumpySW.o                             44     0         0      
    +--+----------------------------------------+------+---------+---------+
       Total:                                   702    580       0      
                                                                        
       Stack:                                   0      0         80     
       Linker Generated:                        0      26        0      
    +--+----------------------------------------+------+---------+---------+
       Grand Total:                             5124   1046      251    


LINKER GENERATED COPY TABLES

__TI_cinit_table @ 0000d7f6 records: 2, size/record: 4, table size: 8
	.data: load addr=0000d7e4, load size=00000008 bytes, run addr=0000028a, run size=00000021 bytes, compression=lzss
	.bss: load addr=0000d7f2, load size=00000004 bytes, run addr=00000200, run size=0000008a bytes, compression=zero_init


LINKER GENERATED HANDLER TABLE

__TI_handler_table @ 0000d7ec records: 3, size/record: 2, table size: 6
	index: 0, handler: __TI_zero_init
	index: 1, handler: __TI_decompress_lzss
	index: 2, handler: __TI_decompress_none


GLOBAL SYMBOLS: SORTED ALPHABETICALLY BY Name 

address   name                          
-------   ----                          
0000004a  ADC10AE0                      
000001b0  ADC10CTL0                     
000001b2  ADC10CTL1                     
00000048  ADC10DTC0                     
00000049  ADC10DTC1                     
000001b4  ADC10MEM                      
000001bc  ADC10SA                       
00000057  BCSCTL1                       
00000058  BCSCTL2                       
00000053  BCSCTL3                       
0000d3f8  C$$EXIT                       
00000059  CACTL1                        
0000005a  CACTL2                        
000010fb  CALBC1_12MHZ                  
000010f9  CALBC1_16MHZ                  
000010ff  CALBC1_1MHZ                   
000010fd  CALBC1_8MHZ                   
000010fa  CALDCO_12MHZ                  
000010f8  CALDCO_16MHZ                  
000010fe  CALDCO_1MHZ                   
000010fc  CALDCO_8MHZ                   
0000005b  CAPD                          
00000056  DCOCTL                        
00000128  FCTL1                         
0000012a  FCTL2                         
0000012c  FCTL3                         
00000000  IE1                           
00000001  IE2                           
00000002  IFG1                          
00000003  IFG2                          
00000022  P1DIR                         
00000025  P1IE                          
00000024  P1IES                         
00000023  P1IFG                         
00000020  P1IN                          
00000021  P1OUT                         
00000027  P1REN                         
00000026  P1SEL                         
00000041  P1SEL2                        
0000002a  P2DIR                         
0000002d  P2IE                          
0000002c  P2IES                         
0000002b  P2IFG                         
00000028  P2IN                          
00000029  P2OUT                         
0000002f  P2REN                         
0000002e  P2SEL                         
00000042  P2SEL2                        
0000001a  P3DIR                         
00000018  P3IN                          
00000019  P3OUT                         
00000010  P3REN                         
0000001b  P3SEL                         
00000043  P3SEL2                        
00000172  TA0CCR0                       
00000174  TA0CCR1                       
00000176  TA0CCR2                       
00000162  TA0CCTL0                      
00000164  TA0CCTL1                      
00000166  TA0CCTL2                      
00000160  TA0CTL                        
0000012e  TA0IV                         
00000170  TA0R                          
00000192  TA1CCR0                       
00000194  TA1CCR1                       
00000196  TA1CCR2                       
00000182  TA1CCTL0                      
00000184  TA1CCTL1                      
00000186  TA1CCTL2                      
00000180  TA1CTL                        
0000011e  TA1IV                         
00000190  TA1R                          
000010db  TLV_ADC10_1_LEN               
000010da  TLV_ADC10_1_TAG               
000010c0  TLV_CHECKSUM                  
000010f7  TLV_DCO_30_LEN                
000010f6  TLV_DCO_30_TAG                
0000005d  UCA0ABCTL                     
00000062  UCA0BR0                       
00000063  UCA0BR1                       
00000060  UCA0CTL0                      
00000061  UCA0CTL1                      
0000005f  UCA0IRRCTL                    
0000005e  UCA0IRTCTL                    
00000064  UCA0MCTL                      
00000066  UCA0RXBUF                     
00000065  UCA0STAT                      
00000067  UCA0TXBUF                     
0000006a  UCB0BR0                       
0000006b  UCB0BR1                       
00000068  UCB0CTL0                      
00000069  UCB0CTL1                      
0000006c  UCB0I2CIE                     
00000118  UCB0I2COA                     
0000011a  UCB0I2CSA                     
0000006e  UCB0RXBUF                     
0000006d  UCB0STAT                      
0000006f  UCB0TXBUF                     
0000d3dc  USCI0RX_ISR                   
00000120  WDTCTL                        
0000cb38  _Q15atan2PU                   
0000d12a  _Q15mpy                       
0000d25a  _Q15umpy                      
0000d682  _Q16atanPU_coeffs             
0000d404  _Q16div_coeffs                
0000d504  _Q16sqrt_coeffs               
0000cd14  _Qmag                         
0000d0c6  _UQ15div                      
00000400  __STACK_END                   
00000050  __STACK_SIZE                  
0000d7f6  __TI_CINIT_Base               
0000d7fe  __TI_CINIT_Limit              
0000d7ec  __TI_Handler_Table_Base       
0000d7f2  __TI_Handler_Table_Limit      
0000d3f0  __TI_ISR_TRAP                 
0000d218  __TI_auto_init_nobinit_nopinit
0000cfe0  __TI_decompress_lzss          
0000d392  __TI_decompress_none          
0000ffe0  __TI_int00                    
0000ffe4  __TI_int02                    
0000ffe6  __TI_int03                    
0000ffea  __TI_int05                    
0000ffec  __TI_int06                    
0000ffee  __TI_int07                    
0000fff0  __TI_int08                    
0000fff2  __TI_int09                    
0000fff4  __TI_int10                    
0000fff6  __TI_int11                    
0000fff8  __TI_int12                    
0000fffa  __TI_int13                    
0000fffc  __TI_int14                    
ffffffff  __TI_pprof_out_hndl           
ffffffff  __TI_prof_data_size           
ffffffff  __TI_prof_data_start          
0000d37e  __TI_zero_init_nomemset       
ffffffff  __c_args__                    
0000d3c0  __mspabi_func_epilog_1        
0000d3be  __mspabi_func_epilog_2        
0000d3bc  __mspabi_func_epilog_3        
0000d3ba  __mspabi_func_epilog_4        
0000d3b8  __mspabi_func_epilog_5        
0000d3b6  __mspabi_func_epilog_6        
0000d3b4  __mspabi_func_epilog_7        
0000d308  __mspabi_mpyl                 
0000d308  __mspabi_mpyl_sw              
0000d2b2  __mspabi_slli                 
0000d2da  __mspabi_slli_1               
0000d2c8  __mspabi_slli_10              
0000d2c6  __mspabi_slli_11              
0000d2c4  __mspabi_slli_12              
0000d2c2  __mspabi_slli_13              
0000d2c0  __mspabi_slli_14              
0000d2be  __mspabi_slli_15              
0000d2d8  __mspabi_slli_2               
0000d2d6  __mspabi_slli_3               
0000d2d4  __mspabi_slli_4               
0000d2d2  __mspabi_slli_5               
0000d2d0  __mspabi_slli_6               
0000d2ce  __mspabi_slli_7               
0000d2cc  __mspabi_slli_8               
0000d2ca  __mspabi_slli_9               
0000d286  __mspabi_srai                 
0000d2ae  __mspabi_srai_1               
0000d29c  __mspabi_srai_10              
0000d29a  __mspabi_srai_11              
0000d298  __mspabi_srai_12              
0000d296  __mspabi_srai_13              
0000d294  __mspabi_srai_14              
0000d292  __mspabi_srai_15              
0000d2ac  __mspabi_srai_2               
0000d2aa  __mspabi_srai_3               
0000d2a8  __mspabi_srai_4               
0000d2a6  __mspabi_srai_5               
0000d2a4  __mspabi_srai_6               
0000d2a2  __mspabi_srai_7               
0000d2a0  __mspabi_srai_8               
0000d29e  __mspabi_srai_9               
0000d186  __mspabi_srli                 
0000d1cc  __mspabi_srli_1               
0000d1a8  __mspabi_srli_10              
0000d1a4  __mspabi_srli_11              
0000d1a0  __mspabi_srli_12              
0000d19c  __mspabi_srli_13              
0000d198  __mspabi_srli_14              
0000d194  __mspabi_srli_15              
0000d1c8  __mspabi_srli_2               
0000d1c4  __mspabi_srli_3               
0000d1c0  __mspabi_srli_4               
0000d1bc  __mspabi_srli_5               
0000d1b8  __mspabi_srli_6               
0000d1b4  __mspabi_srli_7               
0000d1b0  __mspabi_srli_8               
0000d1ac  __mspabi_srli_9               
0000d32e  _c_int00_noargs               
0000fffe  _reset_vector                 
000003b0  _stack                        
0000d402  _system_post_cinit            
0000d3fe  _system_pre_init              
0000d3f8  abort                         
00000296  arr                           
00000200  array                         
000002a9  count                         
0000c9ec  debouncer                     
0000c66e  display                       
0000cf42  filter                        
0000d05c  getOrientation                
0000c35a  main                          
0000d3a4  memcpy                        
0000d2de  onButtonPress                 
0000d34a  onRead                        
00000280  phi                           
000002a2  pid                           
0000c000  print                         
0000cdde  printReadings                 
0000d3c4  putc                          
0000d364  puts                          
0000d3d0  readADC                       
0000029c  samples                       
0000d1d2  scheduler                     
000002a8  state                         
0000d3e6  sysTick                       
00000240  tasks                         
00000282  theta                         
000002a4  tick                          
0000cc40  updateOnPhi                   
0000ce9c  updateOnTheta                 
0000c872  updateTicks                   
00000284  x0                            
00000286  y0                            
00000288  z0                            


GLOBAL SYMBOLS: SORTED BY Symbol Address 

address   name                          
-------   ----                          
00000000  IE1                           
00000001  IE2                           
00000002  IFG1                          
00000003  IFG2                          
00000010  P3REN                         
00000018  P3IN                          
00000019  P3OUT                         
0000001a  P3DIR                         
0000001b  P3SEL                         
00000020  P1IN                          
00000021  P1OUT                         
00000022  P1DIR                         
00000023  P1IFG                         
00000024  P1IES                         
00000025  P1IE                          
00000026  P1SEL                         
00000027  P1REN                         
00000028  P2IN                          
00000029  P2OUT                         
0000002a  P2DIR                         
0000002b  P2IFG                         
0000002c  P2IES                         
0000002d  P2IE                          
0000002e  P2SEL                         
0000002f  P2REN                         
00000041  P1SEL2                        
00000042  P2SEL2                        
00000043  P3SEL2                        
00000048  ADC10DTC0                     
00000049  ADC10DTC1                     
0000004a  ADC10AE0                      
00000050  __STACK_SIZE                  
00000053  BCSCTL3                       
00000056  DCOCTL                        
00000057  BCSCTL1                       
00000058  BCSCTL2                       
00000059  CACTL1                        
0000005a  CACTL2                        
0000005b  CAPD                          
0000005d  UCA0ABCTL                     
0000005e  UCA0IRTCTL                    
0000005f  UCA0IRRCTL                    
00000060  UCA0CTL0                      
00000061  UCA0CTL1                      
00000062  UCA0BR0                       
00000063  UCA0BR1                       
00000064  UCA0MCTL                      
00000065  UCA0STAT                      
00000066  UCA0RXBUF                     
00000067  UCA0TXBUF                     
00000068  UCB0CTL0                      
00000069  UCB0CTL1                      
0000006a  UCB0BR0                       
0000006b  UCB0BR1                       
0000006c  UCB0I2CIE                     
0000006d  UCB0STAT                      
0000006e  UCB0RXBUF                     
0000006f  UCB0TXBUF                     
00000118  UCB0I2COA                     
0000011a  UCB0I2CSA                     
0000011e  TA1IV                         
00000120  WDTCTL                        
00000128  FCTL1                         
0000012a  FCTL2                         
0000012c  FCTL3                         
0000012e  TA0IV                         
00000160  TA0CTL                        
00000162  TA0CCTL0                      
00000164  TA0CCTL1                      
00000166  TA0CCTL2                      
00000170  TA0R                          
00000172  TA0CCR0                       
00000174  TA0CCR1                       
00000176  TA0CCR2                       
00000180  TA1CTL                        
00000182  TA1CCTL0                      
00000184  TA1CCTL1                      
00000186  TA1CCTL2                      
00000190  TA1R                          
00000192  TA1CCR0                       
00000194  TA1CCR1                       
00000196  TA1CCR2                       
000001b0  ADC10CTL0                     
000001b2  ADC10CTL1                     
000001b4  ADC10MEM                      
000001bc  ADC10SA                       
00000200  array                         
00000240  tasks                         
00000280  phi                           
00000282  theta                         
00000284  x0                            
00000286  y0                            
00000288  z0                            
00000296  arr                           
0000029c  samples                       
000002a2  pid                           
000002a4  tick                          
000002a8  state                         
000002a9  count                         
000003b0  _stack                        
00000400  __STACK_END                   
000010c0  TLV_CHECKSUM                  
000010da  TLV_ADC10_1_TAG               
000010db  TLV_ADC10_1_LEN               
000010f6  TLV_DCO_30_TAG                
000010f7  TLV_DCO_30_LEN                
000010f8  CALDCO_16MHZ                  
000010f9  CALBC1_16MHZ                  
000010fa  CALDCO_12MHZ                  
000010fb  CALBC1_12MHZ                  
000010fc  CALDCO_8MHZ                   
000010fd  CALBC1_8MHZ                   
000010fe  CALDCO_1MHZ                   
000010ff  CALBC1_1MHZ                   
0000c000  print                         
0000c35a  main                          
0000c66e  display                       
0000c872  updateTicks                   
0000c9ec  debouncer                     
0000cb38  _Q15atan2PU                   
0000cc40  updateOnPhi                   
0000cd14  _Qmag                         
0000cdde  printReadings                 
0000ce9c  updateOnTheta                 
0000cf42  filter                        
0000cfe0  __TI_decompress_lzss          
0000d05c  getOrientation                
0000d0c6  _UQ15div                      
0000d12a  _Q15mpy                       
0000d186  __mspabi_srli                 
0000d194  __mspabi_srli_15              
0000d198  __mspabi_srli_14              
0000d19c  __mspabi_srli_13              
0000d1a0  __mspabi_srli_12              
0000d1a4  __mspabi_srli_11              
0000d1a8  __mspabi_srli_10              
0000d1ac  __mspabi_srli_9               
0000d1b0  __mspabi_srli_8               
0000d1b4  __mspabi_srli_7               
0000d1b8  __mspabi_srli_6               
0000d1bc  __mspabi_srli_5               
0000d1c0  __mspabi_srli_4               
0000d1c4  __mspabi_srli_3               
0000d1c8  __mspabi_srli_2               
0000d1cc  __mspabi_srli_1               
0000d1d2  scheduler                     
0000d218  __TI_auto_init_nobinit_nopinit
0000d25a  _Q15umpy                      
0000d286  __mspabi_srai                 
0000d292  __mspabi_srai_15              
0000d294  __mspabi_srai_14              
0000d296  __mspabi_srai_13              
0000d298  __mspabi_srai_12              
0000d29a  __mspabi_srai_11              
0000d29c  __mspabi_srai_10              
0000d29e  __mspabi_srai_9               
0000d2a0  __mspabi_srai_8               
0000d2a2  __mspabi_srai_7               
0000d2a4  __mspabi_srai_6               
0000d2a6  __mspabi_srai_5               
0000d2a8  __mspabi_srai_4               
0000d2aa  __mspabi_srai_3               
0000d2ac  __mspabi_srai_2               
0000d2ae  __mspabi_srai_1               
0000d2b2  __mspabi_slli                 
0000d2be  __mspabi_slli_15              
0000d2c0  __mspabi_slli_14              
0000d2c2  __mspabi_slli_13              
0000d2c4  __mspabi_slli_12              
0000d2c6  __mspabi_slli_11              
0000d2c8  __mspabi_slli_10              
0000d2ca  __mspabi_slli_9               
0000d2cc  __mspabi_slli_8               
0000d2ce  __mspabi_slli_7               
0000d2d0  __mspabi_slli_6               
0000d2d2  __mspabi_slli_5               
0000d2d4  __mspabi_slli_4               
0000d2d6  __mspabi_slli_3               
0000d2d8  __mspabi_slli_2               
0000d2da  __mspabi_slli_1               
0000d2de  onButtonPress                 
0000d308  __mspabi_mpyl                 
0000d308  __mspabi_mpyl_sw              
0000d32e  _c_int00_noargs               
0000d34a  onRead                        
0000d364  puts                          
0000d37e  __TI_zero_init_nomemset       
0000d392  __TI_decompress_none          
0000d3a4  memcpy                        
0000d3b4  __mspabi_func_epilog_7        
0000d3b6  __mspabi_func_epilog_6        
0000d3b8  __mspabi_func_epilog_5        
0000d3ba  __mspabi_func_epilog_4        
0000d3bc  __mspabi_func_epilog_3        
0000d3be  __mspabi_func_epilog_2        
0000d3c0  __mspabi_func_epilog_1        
0000d3c4  putc                          
0000d3d0  readADC                       
0000d3dc  USCI0RX_ISR                   
0000d3e6  sysTick                       
0000d3f0  __TI_ISR_TRAP                 
0000d3f8  C$$EXIT                       
0000d3f8  abort                         
0000d3fe  _system_pre_init              
0000d402  _system_post_cinit            
0000d404  _Q16div_coeffs                
0000d504  _Q16sqrt_coeffs               
0000d682  _Q16atanPU_coeffs             
0000d7ec  __TI_Handler_Table_Base       
0000d7f2  __TI_Handler_Table_Limit      
0000d7f6  __TI_CINIT_Base               
0000d7fe  __TI_CINIT_Limit              
0000ffe0  __TI_int00                    
0000ffe4  __TI_int02                    
0000ffe6  __TI_int03                    
0000ffea  __TI_int05                    
0000ffec  __TI_int06                    
0000ffee  __TI_int07                    
0000fff0  __TI_int08                    
0000fff2  __TI_int09                    
0000fff4  __TI_int10                    
0000fff6  __TI_int11                    
0000fff8  __TI_int12                    
0000fffa  __TI_int13                    
0000fffc  __TI_int14                    
0000fffe  _reset_vector                 
ffffffff  __TI_pprof_out_hndl           
ffffffff  __TI_prof_data_size           
ffffffff  __TI_prof_data_start          
ffffffff  __c_args__                    

[230 symbols]
