******************************************************************************
                  MSP430 Linker PC v18.1.3                     
******************************************************************************
>> Linked Tue Mar 12 13:48:07 2019

OUTPUT FILE NAME:   <ElectronicLevel.out>
ENTRY POINT SYMBOL: "_c_int00_noargs"  address: 0000d286


MEMORY CONFIGURATION

         name            origin    length      used     unused   attr    fill
----------------------  --------  ---------  --------  --------  ----  --------
  SFR                   00000000   00000010  00000000  00000010  RWIX
  PERIPHERALS_8BIT      00000010   000000f0  00000000  000000f0  RWIX
  PERIPHERALS_16BIT     00000100   00000100  00000000  00000100  RWIX
  RAM                   00000200   00000200  00000102  000000fe  RWIX
  INFOD                 00001000   00000040  00000000  00000040  RWIX
  INFOC                 00001040   00000040  00000000  00000040  RWIX
  INFOB                 00001080   00000040  00000000  00000040  RWIX
  INFOA                 000010c0   00000040  00000000  00000040  RWIX
  FLASH                 0000c000   00003fde  000017ae  00002830  RWIX
  BSLSIGNATURE          0000ffde   00000002  00000002  00000000  RWIX  ffff 
  INT00                 0000ffe0   00000002  00000002  00000000  RWIX
  INT01                 0000ffe2   00000002  00000000  00000002  RWIX
  INT02                 0000ffe4   00000002  00000002  00000000  RWIX
  INT03                 0000ffe6   00000002  00000002  00000000  RWIX
  INT04                 0000ffe8   00000002  00000000  00000002  RWIX
  INT05                 0000ffea   00000002  00000002  00000000  RWIX
  INT06                 0000ffec   00000002  00000002  00000000  RWIX
  INT07                 0000ffee   00000002  00000002  00000000  RWIX
  INT08                 0000fff0   00000002  00000002  00000000  RWIX
  INT09                 0000fff2   00000002  00000002  00000000  RWIX
  INT10                 0000fff4   00000002  00000002  00000000  RWIX
  INT11                 0000fff6   00000002  00000002  00000000  RWIX
  INT12                 0000fff8   00000002  00000002  00000000  RWIX
  INT13                 0000fffa   00000002  00000002  00000000  RWIX
  INT14                 0000fffc   00000002  00000002  00000000  RWIX
  RESET                 0000fffe   00000002  00000002  00000000  RWIX


SECTION ALLOCATION MAP

 output                                  attributes/
section   page    origin      length       input sections
--------  ----  ----------  ----------   ----------------
.bss       0    00000200    0000008a     UNINITIALIZED
                  00000200    00000040     (.common:array)
                  00000240    0000003c     (.common:tasks)
                  0000027c    00000004     led.obj (.bss)
                  00000280    00000002     (.common:phi)
                  00000282    00000002     (.common:theta)
                  00000284    00000002     (.common:x0)
                  00000286    00000002     (.common:y0)
                  00000288    00000002     (.common:z0)

.data      0    0000028a    00000028     UNINITIALIZED
                  0000028a    0000000c     main.obj (.data:calibVals)
                  00000296    00000007     main.obj (.data:calibrationDirections)
                  0000029d    00000001     main.obj (.data)
                  0000029e    00000006     math.obj (.data:arr)
                  000002a4    00000006     adc.obj (.data:samples)
                  000002aa    00000006     tasks.obj (.data)
                  000002b0    00000002     button.obj (.data)

.stack     0    000003b0    00000050     UNINITIALIZED
                  000003b0    00000002     rts430_eabi.lib : boot.c.obj (.stack)
                  000003b2    0000004e     --HOLE--

.text      0    0000c000    000013d0     
                  0000c000    00000182     led.obj (.text:updateOnPhi)
                  0000c182    0000017c     led.obj (.text:setHeading)
                  0000c2fe    00000170     led.obj (.text:updateTicks)
                  0000c46e    0000013e     main.obj (.text:buttonCallback)
                  0000c5ac    00000120     print.obj (.text:xtoa)
                  0000c6cc    0000011e     print.obj (.text:print)
                  0000c7ea    00000108     QmathLib_CCS_MPYsoftware_CPU.lib : _QNatan2.o (.text:_Q15atan2PU)
                  0000c8f2    00000102     led.obj (.text:updateOnTheta)
                  0000c9f4    000000ca     QmathLib_CCS_MPYsoftware_CPU.lib : _QNsqrt.o (.text:_Qmag)
                  0000cabe    000000be     tasks.obj (.text:printReadings)
                  0000cb7c    000000ac     led.obj (.text:initLEDs)
                  0000cc28    0000009e     math.obj (.text:filter)
                  0000ccc6    00000088     main.obj (.text:main)
                  0000cd4e    0000007c     rts430_eabi.lib : copy_decompress_lzss.c.obj (.text:decompress:lzss:__TI_decompress_lzss)
                  0000cdca    00000072     led.obj (.text:display)
                  0000ce3c    0000006a     math.obj (.text:getOrientation)
                  0000cea6    00000064     QmathLib_CCS_MPYsoftware_CPU.lib : _QNdiv.o (.text:_UQ15div)
                  0000cf0a    0000005c                                      : __QNmpySW.o (.text:_Q15mpy)
                  0000cf66    0000005c     button.obj (.text:debouncer)
                  0000cfc2    0000004e     tasks.obj (.text:taskSetup)
                  0000d010    0000004c     rts430_eabi.lib : lsr16.asm.obj (.text)
                  0000d05c    0000004a     spi.obj (.text:initSPI)
                  0000d0a6    00000046     timer.obj (.text:scheduler)
                  0000d0ec    00000042     rts430_eabi.lib : autoinit.c.obj (.text:__TI_auto_init_nobinit_nopinit:__TI_auto_init_nobinit_nopinit)
                  0000d12e    00000030     print.obj (.text:initUART)
                  0000d15e    0000002e     adc.obj (.text:initADC)
                  0000d18c    0000002c     QmathLib_CCS_MPYsoftware_CPU.lib : __QNumpySW.o (.text:_Q15umpy)
                  0000d1b8    0000002c     rts430_eabi.lib : asr16.asm.obj (.text)
                  0000d1e4    0000002c                     : lsl16.asm.obj (.text)
                  0000d210    0000002a     button.obj (.text:onButtonPress)
                  0000d23a    00000026     tasks.obj (.text:registerTask)
                  0000d260    00000026     rts430_eabi.lib : mult32.asm.obj (.text)
                  0000d286    0000001c                     : boot.c.obj (.text:_c_int00_noargs)
                  0000d2a2    0000001a     adc.obj (.text:UARTtoADC)
                  0000d2bc    0000001a     button.obj (.text:initButton)
                  0000d2d6    0000001a     adc.obj (.text:onRead)
                  0000d2f0    0000001a     print.obj (.text:puts)
                  0000d30a    00000018     timer.obj (.text:initTimer)
                  0000d322    00000014     rts430_eabi.lib : copy_zero_init.c.obj (.text:decompress:ZI:__TI_zero_init_nomemset:__TI_zero_init_nomemset)
                  0000d336    00000012     print.obj (.text:ADCtoUART)
                  0000d348    00000012     rts430_eabi.lib : copy_decompress_none.c.obj (.text:decompress:none:__TI_decompress_none)
                  0000d35a    00000012                     : memcpy.c.obj (.text:memcpy)
                  0000d36c    00000010                     : epilog.asm.obj (.text)
                  0000d37c    0000000e     spi.obj (.text:latch)
                  0000d38a    0000000c     print.obj (.text:putc)
                  0000d396    0000000c     adc.obj (.text:readADC)
                  0000d3a2    0000000a     print.obj (.text:USCI0RX_ISR)
                  0000d3ac    0000000a     tasks.obj (.text:sysTick)
                  0000d3b6    00000008     rts430_eabi.lib : isr_trap.asm.obj (.text:_isr:__TI_ISR_TRAP)
                  0000d3be    00000006                     : exit.c.obj (.text:abort)
                  0000d3c4    00000006     spi.obj (.text:send)
                  0000d3ca    00000004     rts430_eabi.lib : pre_init.c.obj (.text:_system_pre_init)
                  0000d3ce    00000002                     : startup.c.obj (.text:_system_post_cinit)

.const     0    0000d3d0    000003ba     
                  0000d3d0    00000100     QmathLib_CCS_MPYsoftware_CPU.lib : _QNtables.o (.const:_Q16div_coeffs)
                  0000d4d0    000000c0                                      : _QNtables.o (.const:_Q16sqrt_coeffs)
                  0000d590    00000084                                      : _QNtables.o (.const:_Q16atanPU_coeffs)
                  0000d614    00000080     main.obj (.const:.string)
                  0000d694    00000058     tasks.obj (.const:.string)
                  0000d6ec    00000028     print.obj (.const:dv)
                  0000d714    0000001e     led.obj (.const:orientations)
                  0000d732    00000010     print.obj (.const:.string:hex$1)
                  0000d742    00000010     led.obj (.const:slices)
                  0000d752    0000000e     led.obj (.const:.string:duties)
                  0000d760    0000000e     led.obj (.const:.string:fans)
                  0000d76e    0000000e     led.obj (.const:mapping)
                  0000d77c    00000008     led.obj (.const:$P$T1$1)
                  0000d784    00000006     tasks.obj (.const:$P$T1$1)

.cinit     0    0000d78a    00000024     
                  0000d78a    00000012     (.cinit..data.load) [load image, compression = lzss]
                  0000d79c    00000006     (__TI_handler_table)
                  0000d7a2    00000004     (.cinit..bss.load) [load image, compression = zero_init]
                  0000d7a6    00000008     (__TI_cinit_table)

.binit     0    0000c000    00000000     

.init_array 
*          0    0000c000    00000000     UNINITIALIZED

TRAPINT    0    0000ffe0    00000002     
                  0000ffe0    00000002     rts430_eabi.lib : int00.asm.obj (.int00)

PORT1      0    0000ffe4    00000002     
                  0000ffe4    00000002     button.obj (.int02)

PORT2      0    0000ffe6    00000002     
                  0000ffe6    00000002     rts430_eabi.lib : int03.asm.obj (.int03)

ADC10      0    0000ffea    00000002     
                  0000ffea    00000002     adc.obj (.int05)

USCIAB0TX 
*          0    0000ffec    00000002     
                  0000ffec    00000002     spi.obj (.int06)

USCIAB0RX 
*          0    0000ffee    00000002     
                  0000ffee    00000002     print.obj (.int07)

TIMER0_A1 
*          0    0000fff0    00000002     
                  0000fff0    00000002     rts430_eabi.lib : int08.asm.obj (.int08)

TIMER0_A0 
*          0    0000fff2    00000002     
                  0000fff2    00000002     rts430_eabi.lib : int09.asm.obj (.int09)

WDT        0    0000fff4    00000002     
                  0000fff4    00000002     button.obj (.int10)

COMPARATORA 
*          0    0000fff6    00000002     
                  0000fff6    00000002     rts430_eabi.lib : int11.asm.obj (.int11)

TIMER1_A1 
*          0    0000fff8    00000002     
                  0000fff8    00000002     rts430_eabi.lib : int12.asm.obj (.int12)

TIMER1_A0 
*          0    0000fffa    00000002     
                  0000fffa    00000002     timer.obj (.int13)

NMI        0    0000fffc    00000002     
                  0000fffc    00000002     rts430_eabi.lib : int14.asm.obj (.int14)

.reset     0    0000fffe    00000002     
                  0000fffe    00000002     rts430_eabi.lib : boot.c.obj (.reset)

$fill000   0    0000ffde    00000002     
                  0000ffde    00000002     --HOLE-- [fill = ffff]

MODULE SUMMARY

       Module                       code   ro data   rw data
       ------                       ----   -------   -------
    .\
       led.obj                      1678   96        68     
       print.obj                    688    58        0      
       main.obj                     454    128       26     
       tasks.obj                    316    94        66     
       math.obj                     264    0         10     
       button.obj                   160    4         2      
       adc.obj                      110    2         6      
       spi.obj                      94     2         0      
       timer.obj                    94     2         0      
    +--+----------------------------+------+---------+---------+
       Total:                       3858   386       178    
                                                            
    C:\ti\ccsv8\tools\compiler\ti-cgt-msp430_18.1.3.LTS\lib\rts430_eabi.lib
       copy_decompress_lzss.c.obj   124    0         0      
       lsr16.asm.obj                76     0         0      
       autoinit.c.obj               66     0         0      
       asr16.asm.obj                44     0         0      
       lsl16.asm.obj                44     0         0      
       mult32.asm.obj               38     0         0      
       boot.c.obj                   28     2         0      
       copy_zero_init.c.obj         20     0         0      
       copy_decompress_none.c.obj   18     0         0      
       memcpy.c.obj                 18     0         0      
       epilog.asm.obj               16     0         0      
       isr_trap.asm.obj             8      0         0      
       exit.c.obj                   6      0         0      
       pre_init.c.obj               4      0         0      
       int00.asm.obj                0      2         0      
       int03.asm.obj                0      2         0      
       int08.asm.obj                0      2         0      
       int09.asm.obj                0      2         0      
       int11.asm.obj                0      2         0      
       int12.asm.obj                0      2         0      
       int14.asm.obj                0      2         0      
       startup.c.obj                2      0         0      
    +--+----------------------------+------+---------+---------+
       Total:                       512    16        0      
                                                            
    C:\ti\msp430\IQMATHLIB_01_10_00_05\libraries\CCS\MPYsoftware\QmathLib_CCS_MPYsoftware_CPU.lib
       _QNtables.o                  0      580       0      
       _QNatan2.o                   264    0         0      
       _QNsqrt.o                    202    0         0      
       _QNdiv.o                     100    0         0      
       __QNmpySW.o                  92     0         0      
       __QNumpySW.o                 44     0         0      
    +--+----------------------------+------+---------+---------+
       Total:                       702    580       0      
                                                            
       Stack:                       0      0         80     
       Linker Generated:            0      36        0      
    +--+----------------------------+------+---------+---------+
       Grand Total:                 5072   1018      258    


LINKER GENERATED COPY TABLES

__TI_cinit_table @ 0000d7a6 records: 2, size/record: 4, table size: 8
	.data: load addr=0000d78a, load size=00000012 bytes, run addr=0000028a, run size=00000028 bytes, compression=lzss
	.bss: load addr=0000d7a2, load size=00000004 bytes, run addr=00000200, run size=0000008a bytes, compression=zero_init


LINKER GENERATED HANDLER TABLE

__TI_handler_table @ 0000d79c records: 3, size/record: 2, table size: 6
	index: 0, handler: __TI_zero_init
	index: 1, handler: __TI_decompress_lzss
	index: 2, handler: __TI_decompress_none


GLOBAL SYMBOLS: SORTED ALPHABETICALLY BY Name 

address   name                          
-------   ----                          
0000004a  ADC10AE0                      
000001b0  ADC10CTL0                     
000001b2  ADC10CTL1                     
00000048  ADC10DTC0                     
00000049  ADC10DTC1                     
000001b4  ADC10MEM                      
000001bc  ADC10SA                       
0000d336  ADCtoUART                     
00000057  BCSCTL1                       
00000058  BCSCTL2                       
00000053  BCSCTL3                       
0000d3be  C$$EXIT                       
00000059  CACTL1                        
0000005a  CACTL2                        
000010fb  CALBC1_12MHZ                  
000010f9  CALBC1_16MHZ                  
000010ff  CALBC1_1MHZ                   
000010fd  CALBC1_8MHZ                   
000010fa  CALDCO_12MHZ                  
000010f8  CALDCO_16MHZ                  
000010fe  CALDCO_1MHZ                   
000010fc  CALDCO_8MHZ                   
0000005b  CAPD                          
00000056  DCOCTL                        
00000128  FCTL1                         
0000012a  FCTL2                         
0000012c  FCTL3                         
00000000  IE1                           
00000001  IE2                           
00000002  IFG1                          
00000003  IFG2                          
00000022  P1DIR                         
00000025  P1IE                          
00000024  P1IES                         
00000023  P1IFG                         
00000020  P1IN                          
00000021  P1OUT                         
00000027  P1REN                         
00000026  P1SEL                         
00000041  P1SEL2                        
0000002a  P2DIR                         
0000002d  P2IE                          
0000002c  P2IES                         
0000002b  P2IFG                         
00000028  P2IN                          
00000029  P2OUT                         
0000002f  P2REN                         
0000002e  P2SEL                         
00000042  P2SEL2                        
0000001a  P3DIR                         
00000018  P3IN                          
00000019  P3OUT                         
00000010  P3REN                         
0000001b  P3SEL                         
00000043  P3SEL2                        
00000172  TA0CCR0                       
00000174  TA0CCR1                       
00000176  TA0CCR2                       
00000162  TA0CCTL0                      
00000164  TA0CCTL1                      
00000166  TA0CCTL2                      
00000160  TA0CTL                        
0000012e  TA0IV                         
00000170  TA0R                          
00000192  TA1CCR0                       
00000194  TA1CCR1                       
00000196  TA1CCR2                       
00000182  TA1CCTL0                      
00000184  TA1CCTL1                      
00000186  TA1CCTL2                      
00000180  TA1CTL                        
0000011e  TA1IV                         
00000190  TA1R                          
000010db  TLV_ADC10_1_LEN               
000010da  TLV_ADC10_1_TAG               
000010c0  TLV_CHECKSUM                  
000010f7  TLV_DCO_30_LEN                
000010f6  TLV_DCO_30_TAG                
0000d2a2  UARTtoADC                     
0000005d  UCA0ABCTL                     
00000062  UCA0BR0                       
00000063  UCA0BR1                       
00000060  UCA0CTL0                      
00000061  UCA0CTL1                      
0000005f  UCA0IRRCTL                    
0000005e  UCA0IRTCTL                    
00000064  UCA0MCTL                      
00000066  UCA0RXBUF                     
00000065  UCA0STAT                      
00000067  UCA0TXBUF                     
0000006a  UCB0BR0                       
0000006b  UCB0BR1                       
00000068  UCB0CTL0                      
00000069  UCB0CTL1                      
0000006c  UCB0I2CIE                     
00000118  UCB0I2COA                     
0000011a  UCB0I2CSA                     
0000006e  UCB0RXBUF                     
0000006d  UCB0STAT                      
0000006f  UCB0TXBUF                     
0000d3a2  USCI0RX_ISR                   
00000120  WDTCTL                        
0000c7ea  _Q15atan2PU                   
0000cf0a  _Q15mpy                       
0000d18c  _Q15umpy                      
0000d590  _Q16atanPU_coeffs             
0000d3d0  _Q16div_coeffs                
0000d4d0  _Q16sqrt_coeffs               
0000c9f4  _Qmag                         
0000cea6  _UQ15div                      
00000400  __STACK_END                   
00000050  __STACK_SIZE                  
0000d7a6  __TI_CINIT_Base               
0000d7ae  __TI_CINIT_Limit              
0000d79c  __TI_Handler_Table_Base       
0000d7a2  __TI_Handler_Table_Limit      
0000d3b6  __TI_ISR_TRAP                 
0000d0ec  __TI_auto_init_nobinit_nopinit
0000cd4e  __TI_decompress_lzss          
0000d348  __TI_decompress_none          
0000ffe0  __TI_int00                    
0000ffe4  __TI_int02                    
0000ffe6  __TI_int03                    
0000ffea  __TI_int05                    
0000ffec  __TI_int06                    
0000ffee  __TI_int07                    
0000fff0  __TI_int08                    
0000fff2  __TI_int09                    
0000fff4  __TI_int10                    
0000fff6  __TI_int11                    
0000fff8  __TI_int12                    
0000fffa  __TI_int13                    
0000fffc  __TI_int14                    
ffffffff  __TI_pprof_out_hndl           
ffffffff  __TI_prof_data_size           
ffffffff  __TI_prof_data_start          
0000d322  __TI_zero_init_nomemset       
ffffffff  __c_args__                    
0000d378  __mspabi_func_epilog_1        
0000d376  __mspabi_func_epilog_2        
0000d374  __mspabi_func_epilog_3        
0000d372  __mspabi_func_epilog_4        
0000d370  __mspabi_func_epilog_5        
0000d36e  __mspabi_func_epilog_6        
0000d36c  __mspabi_func_epilog_7        
0000d260  __mspabi_mpyl                 
0000d260  __mspabi_mpyl_sw              
0000d1e4  __mspabi_slli                 
0000d20c  __mspabi_slli_1               
0000d1fa  __mspabi_slli_10              
0000d1f8  __mspabi_slli_11              
0000d1f6  __mspabi_slli_12              
0000d1f4  __mspabi_slli_13              
0000d1f2  __mspabi_slli_14              
0000d1f0  __mspabi_slli_15              
0000d20a  __mspabi_slli_2               
0000d208  __mspabi_slli_3               
0000d206  __mspabi_slli_4               
0000d204  __mspabi_slli_5               
0000d202  __mspabi_slli_6               
0000d200  __mspabi_slli_7               
0000d1fe  __mspabi_slli_8               
0000d1fc  __mspabi_slli_9               
0000d1b8  __mspabi_srai                 
0000d1e0  __mspabi_srai_1               
0000d1ce  __mspabi_srai_10              
0000d1cc  __mspabi_srai_11              
0000d1ca  __mspabi_srai_12              
0000d1c8  __mspabi_srai_13              
0000d1c6  __mspabi_srai_14              
0000d1c4  __mspabi_srai_15              
0000d1de  __mspabi_srai_2               
0000d1dc  __mspabi_srai_3               
0000d1da  __mspabi_srai_4               
0000d1d8  __mspabi_srai_5               
0000d1d6  __mspabi_srai_6               
0000d1d4  __mspabi_srai_7               
0000d1d2  __mspabi_srai_8               
0000d1d0  __mspabi_srai_9               
0000d010  __mspabi_srli                 
0000d056  __mspabi_srli_1               
0000d032  __mspabi_srli_10              
0000d02e  __mspabi_srli_11              
0000d02a  __mspabi_srli_12              
0000d026  __mspabi_srli_13              
0000d022  __mspabi_srli_14              
0000d01e  __mspabi_srli_15              
0000d052  __mspabi_srli_2               
0000d04e  __mspabi_srli_3               
0000d04a  __mspabi_srli_4               
0000d046  __mspabi_srli_5               
0000d042  __mspabi_srli_6               
0000d03e  __mspabi_srli_7               
0000d03a  __mspabi_srli_8               
0000d036  __mspabi_srli_9               
0000d286  _c_int00_noargs               
0000fffe  _reset_vector                 
000003b0  _stack                        
0000d3ce  _system_post_cinit            
0000d3ca  _system_pre_init              
0000d3be  abort                         
0000029e  arr                           
00000200  array                         
0000c46e  buttonCallback                
000002b1  count                         
0000cf66  debouncer                     
0000cdca  display                       
0000cc28  filter                        
0000ce3c  getOrientation                
0000d15e  initADC                       
0000d2bc  initButton                    
0000cb7c  initLEDs                      
0000d05c  initSPI                       
0000d30a  initTimer                     
0000d12e  initUART                      
0000d37c  latch                         
0000ccc6  main                          
0000d35a  memcpy                        
0000d210  onButtonPress                 
0000d2d6  onRead                        
00000280  phi                           
000002aa  pid                           
0000c6cc  print                         
0000cabe  printReadings                 
0000d38a  putc                          
0000d2f0  puts                          
0000d396  readADC                       
0000d23a  registerTask                  
000002a4  samples                       
0000d0a6  scheduler                     
0000d3c4  send                          
0000c182  setHeading                    
000002b0  state                         
0000d3ac  sysTick                       
0000cfc2  taskSetup                     
00000240  tasks                         
00000282  theta                         
000002ac  tick                          
0000c000  updateOnPhi                   
0000c8f2  updateOnTheta                 
0000c2fe  updateTicks                   
00000284  x0                            
00000286  y0                            
00000288  z0                            


GLOBAL SYMBOLS: SORTED BY Symbol Address 

address   name                          
-------   ----                          
00000000  IE1                           
00000001  IE2                           
00000002  IFG1                          
00000003  IFG2                          
00000010  P3REN                         
00000018  P3IN                          
00000019  P3OUT                         
0000001a  P3DIR                         
0000001b  P3SEL                         
00000020  P1IN                          
00000021  P1OUT                         
00000022  P1DIR                         
00000023  P1IFG                         
00000024  P1IES                         
00000025  P1IE                          
00000026  P1SEL                         
00000027  P1REN                         
00000028  P2IN                          
00000029  P2OUT                         
0000002a  P2DIR                         
0000002b  P2IFG                         
0000002c  P2IES                         
0000002d  P2IE                          
0000002e  P2SEL                         
0000002f  P2REN                         
00000041  P1SEL2                        
00000042  P2SEL2                        
00000043  P3SEL2                        
00000048  ADC10DTC0                     
00000049  ADC10DTC1                     
0000004a  ADC10AE0                      
00000050  __STACK_SIZE                  
00000053  BCSCTL3                       
00000056  DCOCTL                        
00000057  BCSCTL1                       
00000058  BCSCTL2                       
00000059  CACTL1                        
0000005a  CACTL2                        
0000005b  CAPD                          
0000005d  UCA0ABCTL                     
0000005e  UCA0IRTCTL                    
0000005f  UCA0IRRCTL                    
00000060  UCA0CTL0                      
00000061  UCA0CTL1                      
00000062  UCA0BR0                       
00000063  UCA0BR1                       
00000064  UCA0MCTL                      
00000065  UCA0STAT                      
00000066  UCA0RXBUF                     
00000067  UCA0TXBUF                     
00000068  UCB0CTL0                      
00000069  UCB0CTL1                      
0000006a  UCB0BR0                       
0000006b  UCB0BR1                       
0000006c  UCB0I2CIE                     
0000006d  UCB0STAT                      
0000006e  UCB0RXBUF                     
0000006f  UCB0TXBUF                     
00000118  UCB0I2COA                     
0000011a  UCB0I2CSA                     
0000011e  TA1IV                         
00000120  WDTCTL                        
00000128  FCTL1                         
0000012a  FCTL2                         
0000012c  FCTL3                         
0000012e  TA0IV                         
00000160  TA0CTL                        
00000162  TA0CCTL0                      
00000164  TA0CCTL1                      
00000166  TA0CCTL2                      
00000170  TA0R                          
00000172  TA0CCR0                       
00000174  TA0CCR1                       
00000176  TA0CCR2                       
00000180  TA1CTL                        
00000182  TA1CCTL0                      
00000184  TA1CCTL1                      
00000186  TA1CCTL2                      
00000190  TA1R                          
00000192  TA1CCR0                       
00000194  TA1CCR1                       
00000196  TA1CCR2                       
000001b0  ADC10CTL0                     
000001b2  ADC10CTL1                     
000001b4  ADC10MEM                      
000001bc  ADC10SA                       
00000200  array                         
00000240  tasks                         
00000280  phi                           
00000282  theta                         
00000284  x0                            
00000286  y0                            
00000288  z0                            
0000029e  arr                           
000002a4  samples                       
000002aa  pid                           
000002ac  tick                          
000002b0  state                         
000002b1  count                         
000003b0  _stack                        
00000400  __STACK_END                   
000010c0  TLV_CHECKSUM                  
000010da  TLV_ADC10_1_TAG               
000010db  TLV_ADC10_1_LEN               
000010f6  TLV_DCO_30_TAG                
000010f7  TLV_DCO_30_LEN                
000010f8  CALDCO_16MHZ                  
000010f9  CALBC1_16MHZ                  
000010fa  CALDCO_12MHZ                  
000010fb  CALBC1_12MHZ                  
000010fc  CALDCO_8MHZ                   
000010fd  CALBC1_8MHZ                   
000010fe  CALDCO_1MHZ                   
000010ff  CALBC1_1MHZ                   
0000c000  updateOnPhi                   
0000c182  setHeading                    
0000c2fe  updateTicks                   
0000c46e  buttonCallback                
0000c6cc  print                         
0000c7ea  _Q15atan2PU                   
0000c8f2  updateOnTheta                 
0000c9f4  _Qmag                         
0000cabe  printReadings                 
0000cb7c  initLEDs                      
0000cc28  filter                        
0000ccc6  main                          
0000cd4e  __TI_decompress_lzss          
0000cdca  display                       
0000ce3c  getOrientation                
0000cea6  _UQ15div                      
0000cf0a  _Q15mpy                       
0000cf66  debouncer                     
0000cfc2  taskSetup                     
0000d010  __mspabi_srli                 
0000d01e  __mspabi_srli_15              
0000d022  __mspabi_srli_14              
0000d026  __mspabi_srli_13              
0000d02a  __mspabi_srli_12              
0000d02e  __mspabi_srli_11              
0000d032  __mspabi_srli_10              
0000d036  __mspabi_srli_9               
0000d03a  __mspabi_srli_8               
0000d03e  __mspabi_srli_7               
0000d042  __mspabi_srli_6               
0000d046  __mspabi_srli_5               
0000d04a  __mspabi_srli_4               
0000d04e  __mspabi_srli_3               
0000d052  __mspabi_srli_2               
0000d056  __mspabi_srli_1               
0000d05c  initSPI                       
0000d0a6  scheduler                     
0000d0ec  __TI_auto_init_nobinit_nopinit
0000d12e  initUART                      
0000d15e  initADC                       
0000d18c  _Q15umpy                      
0000d1b8  __mspabi_srai                 
0000d1c4  __mspabi_srai_15              
0000d1c6  __mspabi_srai_14              
0000d1c8  __mspabi_srai_13              
0000d1ca  __mspabi_srai_12              
0000d1cc  __mspabi_srai_11              
0000d1ce  __mspabi_srai_10              
0000d1d0  __mspabi_srai_9               
0000d1d2  __mspabi_srai_8               
0000d1d4  __mspabi_srai_7               
0000d1d6  __mspabi_srai_6               
0000d1d8  __mspabi_srai_5               
0000d1da  __mspabi_srai_4               
0000d1dc  __mspabi_srai_3               
0000d1de  __mspabi_srai_2               
0000d1e0  __mspabi_srai_1               
0000d1e4  __mspabi_slli                 
0000d1f0  __mspabi_slli_15              
0000d1f2  __mspabi_slli_14              
0000d1f4  __mspabi_slli_13              
0000d1f6  __mspabi_slli_12              
0000d1f8  __mspabi_slli_11              
0000d1fa  __mspabi_slli_10              
0000d1fc  __mspabi_slli_9               
0000d1fe  __mspabi_slli_8               
0000d200  __mspabi_slli_7               
0000d202  __mspabi_slli_6               
0000d204  __mspabi_slli_5               
0000d206  __mspabi_slli_4               
0000d208  __mspabi_slli_3               
0000d20a  __mspabi_slli_2               
0000d20c  __mspabi_slli_1               
0000d210  onButtonPress                 
0000d23a  registerTask                  
0000d260  __mspabi_mpyl                 
0000d260  __mspabi_mpyl_sw              
0000d286  _c_int00_noargs               
0000d2a2  UARTtoADC                     
0000d2bc  initButton                    
0000d2d6  onRead                        
0000d2f0  puts                          
0000d30a  initTimer                     
0000d322  __TI_zero_init_nomemset       
0000d336  ADCtoUART                     
0000d348  __TI_decompress_none          
0000d35a  memcpy                        
0000d36c  __mspabi_func_epilog_7        
0000d36e  __mspabi_func_epilog_6        
0000d370  __mspabi_func_epilog_5        
0000d372  __mspabi_func_epilog_4        
0000d374  __mspabi_func_epilog_3        
0000d376  __mspabi_func_epilog_2        
0000d378  __mspabi_func_epilog_1        
0000d37c  latch                         
0000d38a  putc                          
0000d396  readADC                       
0000d3a2  USCI0RX_ISR                   
0000d3ac  sysTick                       
0000d3b6  __TI_ISR_TRAP                 
0000d3be  C$$EXIT                       
0000d3be  abort                         
0000d3c4  send                          
0000d3ca  _system_pre_init              
0000d3ce  _system_post_cinit            
0000d3d0  _Q16div_coeffs                
0000d4d0  _Q16sqrt_coeffs               
0000d590  _Q16atanPU_coeffs             
0000d79c  __TI_Handler_Table_Base       
0000d7a2  __TI_Handler_Table_Limit      
0000d7a6  __TI_CINIT_Base               
0000d7ae  __TI_CINIT_Limit              
0000ffe0  __TI_int00                    
0000ffe4  __TI_int02                    
0000ffe6  __TI_int03                    
0000ffea  __TI_int05                    
0000ffec  __TI_int06                    
0000ffee  __TI_int07                    
0000fff0  __TI_int08                    
0000fff2  __TI_int09                    
0000fff4  __TI_int10                    
0000fff6  __TI_int11                    
0000fff8  __TI_int12                    
0000fffa  __TI_int13                    
0000fffc  __TI_int14                    
0000fffe  _reset_vector                 
ffffffff  __TI_pprof_out_hndl           
ffffffff  __TI_prof_data_size           
ffffffff  __TI_prof_data_start          
ffffffff  __c_args__                    

[244 symbols]
