******************************************************************************
                  MSP430 Linker PC v18.1.5                     
******************************************************************************
>> Linked Sun Mar  3 11:07:50 2019

OUTPUT FILE NAME:   <ElectronicLevel.out>
ENTRY POINT SYMBOL: "_c_int00_noargs"  address: 0000cdd0


MEMORY CONFIGURATION

         name            origin    length      used     unused   attr    fill
----------------------  --------  ---------  --------  --------  ----  --------
  SFR                   00000000   00000010  00000000  00000010  RWIX
  PERIPHERALS_8BIT      00000010   000000f0  00000000  000000f0  RWIX
  PERIPHERALS_16BIT     00000100   00000100  00000000  00000100  RWIX
  RAM                   00000200   00000200  000000d3  0000012d  RWIX
  INFOD                 00001000   00000040  00000000  00000040  RWIX
  INFOC                 00001040   00000040  00000000  00000040  RWIX
  INFOB                 00001080   00000040  00000000  00000040  RWIX
  INFOA                 000010c0   00000040  00000000  00000040  RWIX
  FLASH                 0000c000   00003fde  000011f0  00002dee  RWIX
  BSLSIGNATURE          0000ffde   00000002  00000002  00000000  RWIX  ffff 
  INT00                 0000ffe0   00000002  00000002  00000000  RWIX
  INT01                 0000ffe2   00000002  00000000  00000002  RWIX
  INT02                 0000ffe4   00000002  00000002  00000000  RWIX
  INT03                 0000ffe6   00000002  00000002  00000000  RWIX
  INT04                 0000ffe8   00000002  00000000  00000002  RWIX
  INT05                 0000ffea   00000002  00000002  00000000  RWIX
  INT06                 0000ffec   00000002  00000002  00000000  RWIX
  INT07                 0000ffee   00000002  00000002  00000000  RWIX
  INT08                 0000fff0   00000002  00000002  00000000  RWIX
  INT09                 0000fff2   00000002  00000002  00000000  RWIX
  INT10                 0000fff4   00000002  00000002  00000000  RWIX
  INT11                 0000fff6   00000002  00000002  00000000  RWIX
  INT12                 0000fff8   00000002  00000002  00000000  RWIX
  INT13                 0000fffa   00000002  00000002  00000000  RWIX
  INT14                 0000fffc   00000002  00000002  00000000  RWIX
  RESET                 0000fffe   00000002  00000002  00000000  RWIX


SECTION ALLOCATION MAP

 output                                  attributes/
section   page    origin      length       input sections
--------  ----  ----------  ----------   ----------------
.bss       0    00000200    00000064     UNINITIALIZED
                  00000200    00000040     (.common:array)
                  00000240    00000018     (.common:tasks)
                  00000258    00000002     led.obj (.bss)
                  0000025a    00000002     (.common:phi)
                  0000025c    00000002     (.common:theta)
                  0000025e    00000002     (.common:x0)
                  00000260    00000002     (.common:y0)
                  00000262    00000002     (.common:z0)

.data      0    00000264    0000001f     UNINITIALIZED
                  00000264    0000000c     main.obj (.data:calibVals$3)
                  00000270    00000006     math.obj (.data:arr)
                  00000276    00000006     adc.obj (.data:samples)
                  0000027c    00000004     tasks.obj (.data)
                  00000280    00000002     button.obj (.data)
                  00000282    00000001     main.obj (.data)

.stack     0    000003b0    00000050     UNINITIALIZED
                  000003b0    00000002     rts430_eabi.lib : boot.c.obj (.stack)
                  000003b2    0000004e     --HOLE--

.text      0    0000c000    00000e96     
                  0000c000    0000035a     print.obj (.text:print)
                  0000c35a    00000186     main.obj (.text:main)
                  0000c4e0    0000014c     button.obj (.text:debouncer)
                  0000c62c    00000116     led.obj (.text:display)
                  0000c742    00000108     QmathLib_CCS_MPYsoftware_CPU.lib : _QNatan2.o (.text:_Q15atan2PU)
                  0000c84a    000000ca                                      : _QNsqrt.o (.text:_Qmag)
                  0000c914    000000b8     tasks.obj (.text:printReadings)
                  0000c9cc    0000009e     math.obj (.text:filter)
                  0000ca6a    0000007c     rts430_eabi.lib : copy_decompress_lzss.c.obj (.text:decompress:lzss:__TI_decompress_lzss)
                  0000cae6    0000006a     math.obj (.text:getOrientation)
                  0000cb50    00000064     QmathLib_CCS_MPYsoftware_CPU.lib : _QNdiv.o (.text:_UQ15div)
                  0000cbb4    0000005c                                      : __QNmpySW.o (.text:_Q15mpy)
                  0000cc10    0000004c     rts430_eabi.lib : lsr16.asm.obj (.text)
                  0000cc5c    00000042                     : autoinit.c.obj (.text:__TI_auto_init_nobinit_nopinit:__TI_auto_init_nobinit_nopinit)
                  0000cc9e    00000040     timer.obj (.text:scheduler)
                  0000ccde    0000002c     QmathLib_CCS_MPYsoftware_CPU.lib : __QNumpySW.o (.text:_Q15umpy)
                  0000cd0a    0000002c     rts430_eabi.lib : asr16.asm.obj (.text)
                  0000cd36    0000002c                     : lsl16.asm.obj (.text)
                  0000cd62    0000002a     button.obj (.text:onButtonPress)
                  0000cd8c    00000026     rts430_eabi.lib : mult32.asm.obj (.text)
                  0000cdb2    0000001e     adc.obj (.text:onRead)
                  0000cdd0    0000001c     rts430_eabi.lib : boot.c.obj (.text:_c_int00_noargs)
                  0000cdec    0000001a     print.obj (.text:puts)
                  0000ce06    00000014     rts430_eabi.lib : copy_zero_init.c.obj (.text:decompress:ZI:__TI_zero_init_nomemset:__TI_zero_init_nomemset)
                  0000ce1a    00000012                     : copy_decompress_none.c.obj (.text:decompress:none:__TI_decompress_none)
                  0000ce2c    00000010                     : memcpy.c.obj (.text:memcpy)
                  0000ce3c    00000010                     : epilog.asm.obj (.text)
                  0000ce4c    0000000c     print.obj (.text:putc)
                  0000ce58    0000000c     adc.obj (.text:readADC)
                  0000ce64    0000000a     print.obj (.text:USCI0RX_ISR)
                  0000ce6e    0000000a     spi.obj (.text:latch)
                  0000ce78    0000000a     tasks.obj (.text:sysTick)
                  0000ce82    00000008     rts430_eabi.lib : isr_trap.asm.obj (.text:_isr:__TI_ISR_TRAP)
                  0000ce8a    00000006                     : exit.c.obj (.text:abort)
                  0000ce90    00000004                     : pre_init.c.obj (.text:_system_pre_init)
                  0000ce94    00000002                     : startup.c.obj (.text:_system_post_cinit)

.const     0    0000ce96    00000340     
                  0000ce96    00000100     QmathLib_CCS_MPYsoftware_CPU.lib : _QNtables.o (.const:_Q16div_coeffs)
                  0000cf96    000000c0                                      : _QNtables.o (.const:_Q16sqrt_coeffs)
                  0000d056    000000be     <whole-program> (.const:.string)
                  0000d114    00000084     QmathLib_CCS_MPYsoftware_CPU.lib : _QNtables.o (.const:_Q16atanPU_coeffs)
                  0000d198    00000028     print.obj (.const:dv$5)
                  0000d1c0    00000010     print.obj (.const:.string:hex$1$5)
                  0000d1d0    00000006     tasks.obj (.const:$P$T1$1$7)

.cinit     0    0000d1d6    0000001a     
                  0000d1d6    00000008     (.cinit..data.load) [load image, compression = lzss]
                  0000d1de    00000006     (__TI_handler_table)
                  0000d1e4    00000004     (.cinit..bss.load) [load image, compression = zero_init]
                  0000d1e8    00000008     (__TI_cinit_table)

.binit     0    0000c000    00000000     

.init_array 
*          0    0000c000    00000000     UNINITIALIZED

TRAPINT    0    0000ffe0    00000002     
                  0000ffe0    00000002     rts430_eabi.lib : int00.asm.obj (.int00)

PORT1      0    0000ffe4    00000002     
                  0000ffe4    00000002     <whole-program> (.int02)

PORT2      0    0000ffe6    00000002     
                  0000ffe6    00000002     rts430_eabi.lib : int03.asm.obj (.int03)

ADC10      0    0000ffea    00000002     
                  0000ffea    00000002     <whole-program> (.int05)

USCIAB0TX 
*          0    0000ffec    00000002     
                  0000ffec    00000002     <whole-program> (.int06)

USCIAB0RX 
*          0    0000ffee    00000002     
                  0000ffee    00000002     <whole-program> (.int07)

TIMER0_A1 
*          0    0000fff0    00000002     
                  0000fff0    00000002     rts430_eabi.lib : int08.asm.obj (.int08)

TIMER0_A0 
*          0    0000fff2    00000002     
                  0000fff2    00000002     rts430_eabi.lib : int09.asm.obj (.int09)

WDT        0    0000fff4    00000002     
                  0000fff4    00000002     <whole-program> (.int10)

COMPARATORA 
*          0    0000fff6    00000002     
                  0000fff6    00000002     rts430_eabi.lib : int11.asm.obj (.int11)

TIMER1_A1 
*          0    0000fff8    00000002     
                  0000fff8    00000002     rts430_eabi.lib : int12.asm.obj (.int12)

TIMER1_A0 
*          0    0000fffa    00000002     
                  0000fffa    00000002     <whole-program> (.int13)

NMI        0    0000fffc    00000002     
                  0000fffc    00000002     rts430_eabi.lib : int14.asm.obj (.int14)

.reset     0    0000fffe    00000002     
                  0000fffe    00000002     rts430_eabi.lib : boot.c.obj (.reset)

$fill000   0    0000ffde    00000002     
                  0000ffde    00000002     --HOLE-- [fill = ffff]

MODULE SUMMARY

       Module                                   code   ro data   rw data
       ------                                   ----   -------   -------
    .\
       print.obj                                906    56        0      
       main.obj                                 390    0         13     
       button.obj                               374    0         2      
       led.obj                                  278    0         2      
       math.obj                                 264    0         6      
       tasks.obj                                194    6         4      
       timer.obj                                64     0         0      
       adc.obj                                  42     0         6      
       spi.obj                                  10     0         0      
    +--+----------------------------------------+------+---------+---------+
       Total:                                   2522   62        33     
                                                                        
    C:\Users\krad2\AppData\Local\Temp\
       {C46E5370-A458-4562-B1D8-624F92E61A9C}   0      202       98     
    +--+----------------------------------------+------+---------+---------+
       Total:                                   0      202       98     
                                                                        
    C:\ti\ccsv8\tools\compiler\ti-cgt-msp430_18.1.5.LTS\lib\rts430_eabi.lib
       copy_decompress_lzss.c.obj               124    0         0      
       lsr16.asm.obj                            76     0         0      
       autoinit.c.obj                           66     0         0      
       asr16.asm.obj                            44     0         0      
       lsl16.asm.obj                            44     0         0      
       mult32.asm.obj                           38     0         0      
       boot.c.obj                               28     2         0      
       copy_zero_init.c.obj                     20     0         0      
       copy_decompress_none.c.obj               18     0         0      
       epilog.asm.obj                           16     0         0      
       memcpy.c.obj                             16     0         0      
       isr_trap.asm.obj                         8      0         0      
       exit.c.obj                               6      0         0      
       pre_init.c.obj                           4      0         0      
       int00.asm.obj                            0      2         0      
       int03.asm.obj                            0      2         0      
       int08.asm.obj                            0      2         0      
       int09.asm.obj                            0      2         0      
       int11.asm.obj                            0      2         0      
       int12.asm.obj                            0      2         0      
       int14.asm.obj                            0      2         0      
       startup.c.obj                            2      0         0      
    +--+----------------------------------------+------+---------+---------+
       Total:                                   510    16        0      
                                                                        
    C:\ti\msp430\IQMATHLIB_01_10_00_05\libraries\CCS\MPYsoftware\QmathLib_CCS_MPYsoftware_CPU.lib
       _QNtables.o                              0      580       0      
       _QNatan2.o                               264    0         0      
       _QNsqrt.o                                202    0         0      
       _QNdiv.o                                 100    0         0      
       __QNmpySW.o                              92     0         0      
       __QNumpySW.o                             44     0         0      
    +--+----------------------------------------+------+---------+---------+
       Total:                                   702    580       0      
                                                                        
       Stack:                                   0      0         80     
       Linker Generated:                        0      26        0      
    +--+----------------------------------------+------+---------+---------+
       Grand Total:                             3734   886       211    


LINKER GENERATED COPY TABLES

__TI_cinit_table @ 0000d1e8 records: 2, size/record: 4, table size: 8
	.data: load addr=0000d1d6, load size=00000008 bytes, run addr=00000264, run size=0000001f bytes, compression=lzss
	.bss: load addr=0000d1e4, load size=00000004 bytes, run addr=00000200, run size=00000064 bytes, compression=zero_init


LINKER GENERATED HANDLER TABLE

__TI_handler_table @ 0000d1de records: 3, size/record: 2, table size: 6
	index: 0, handler: __TI_zero_init
	index: 1, handler: __TI_decompress_lzss
	index: 2, handler: __TI_decompress_none


GLOBAL SYMBOLS: SORTED ALPHABETICALLY BY Name 

address   name                          
-------   ----                          
0000004a  ADC10AE0                      
000001b0  ADC10CTL0                     
000001b2  ADC10CTL1                     
00000048  ADC10DTC0                     
00000049  ADC10DTC1                     
000001b4  ADC10MEM                      
000001bc  ADC10SA                       
00000057  BCSCTL1                       
00000058  BCSCTL2                       
00000053  BCSCTL3                       
0000ce8a  C$$EXIT                       
00000059  CACTL1                        
0000005a  CACTL2                        
000010fb  CALBC1_12MHZ                  
000010f9  CALBC1_16MHZ                  
000010ff  CALBC1_1MHZ                   
000010fd  CALBC1_8MHZ                   
000010fa  CALDCO_12MHZ                  
000010f8  CALDCO_16MHZ                  
000010fe  CALDCO_1MHZ                   
000010fc  CALDCO_8MHZ                   
0000005b  CAPD                          
00000056  DCOCTL                        
00000128  FCTL1                         
0000012a  FCTL2                         
0000012c  FCTL3                         
00000000  IE1                           
00000001  IE2                           
00000002  IFG1                          
00000003  IFG2                          
00000022  P1DIR                         
00000025  P1IE                          
00000024  P1IES                         
00000023  P1IFG                         
00000020  P1IN                          
00000021  P1OUT                         
00000027  P1REN                         
00000026  P1SEL                         
00000041  P1SEL2                        
0000002a  P2DIR                         
0000002d  P2IE                          
0000002c  P2IES                         
0000002b  P2IFG                         
00000028  P2IN                          
00000029  P2OUT                         
0000002f  P2REN                         
0000002e  P2SEL                         
00000042  P2SEL2                        
0000001a  P3DIR                         
00000018  P3IN                          
00000019  P3OUT                         
00000010  P3REN                         
0000001b  P3SEL                         
00000043  P3SEL2                        
00000172  TA0CCR0                       
00000174  TA0CCR1                       
00000176  TA0CCR2                       
00000162  TA0CCTL0                      
00000164  TA0CCTL1                      
00000166  TA0CCTL2                      
00000160  TA0CTL                        
0000012e  TA0IV                         
00000170  TA0R                          
00000192  TA1CCR0                       
00000194  TA1CCR1                       
00000196  TA1CCR2                       
00000182  TA1CCTL0                      
00000184  TA1CCTL1                      
00000186  TA1CCTL2                      
00000180  TA1CTL                        
0000011e  TA1IV                         
00000190  TA1R                          
000010db  TLV_ADC10_1_LEN               
000010da  TLV_ADC10_1_TAG               
000010c0  TLV_CHECKSUM                  
000010f7  TLV_DCO_30_LEN                
000010f6  TLV_DCO_30_TAG                
0000005d  UCA0ABCTL                     
00000062  UCA0BR0                       
00000063  UCA0BR1                       
00000060  UCA0CTL0                      
00000061  UCA0CTL1                      
0000005f  UCA0IRRCTL                    
0000005e  UCA0IRTCTL                    
00000064  UCA0MCTL                      
00000066  UCA0RXBUF                     
00000065  UCA0STAT                      
00000067  UCA0TXBUF                     
0000006a  UCB0BR0                       
0000006b  UCB0BR1                       
00000068  UCB0CTL0                      
00000069  UCB0CTL1                      
0000006c  UCB0I2CIE                     
00000118  UCB0I2COA                     
0000011a  UCB0I2CSA                     
0000006e  UCB0RXBUF                     
0000006d  UCB0STAT                      
0000006f  UCB0TXBUF                     
0000ce64  USCI0RX_ISR                   
00000120  WDTCTL                        
0000c742  _Q15atan2PU                   
0000cbb4  _Q15mpy                       
0000ccde  _Q15umpy                      
0000d114  _Q16atanPU_coeffs             
0000ce96  _Q16div_coeffs                
0000cf96  _Q16sqrt_coeffs               
0000c84a  _Qmag                         
0000cb50  _UQ15div                      
00000400  __STACK_END                   
00000050  __STACK_SIZE                  
0000d1e8  __TI_CINIT_Base               
0000d1f0  __TI_CINIT_Limit              
0000d1de  __TI_Handler_Table_Base       
0000d1e4  __TI_Handler_Table_Limit      
0000ce82  __TI_ISR_TRAP                 
0000cc5c  __TI_auto_init_nobinit_nopinit
0000ca6a  __TI_decompress_lzss          
0000ce1a  __TI_decompress_none          
0000ffe0  __TI_int00                    
0000ffe4  __TI_int02                    
0000ffe6  __TI_int03                    
0000ffea  __TI_int05                    
0000ffec  __TI_int06                    
0000ffee  __TI_int07                    
0000fff0  __TI_int08                    
0000fff2  __TI_int09                    
0000fff4  __TI_int10                    
0000fff6  __TI_int11                    
0000fff8  __TI_int12                    
0000fffa  __TI_int13                    
0000fffc  __TI_int14                    
ffffffff  __TI_pprof_out_hndl           
ffffffff  __TI_prof_data_size           
ffffffff  __TI_prof_data_start          
0000ce06  __TI_zero_init_nomemset       
ffffffff  __c_args__                    
0000ce48  __mspabi_func_epilog_1        
0000ce46  __mspabi_func_epilog_2        
0000ce44  __mspabi_func_epilog_3        
0000ce42  __mspabi_func_epilog_4        
0000ce40  __mspabi_func_epilog_5        
0000ce3e  __mspabi_func_epilog_6        
0000ce3c  __mspabi_func_epilog_7        
0000cd8c  __mspabi_mpyl                 
0000cd8c  __mspabi_mpyl_sw              
0000cd36  __mspabi_slli                 
0000cd5e  __mspabi_slli_1               
0000cd4c  __mspabi_slli_10              
0000cd4a  __mspabi_slli_11              
0000cd48  __mspabi_slli_12              
0000cd46  __mspabi_slli_13              
0000cd44  __mspabi_slli_14              
0000cd42  __mspabi_slli_15              
0000cd5c  __mspabi_slli_2               
0000cd5a  __mspabi_slli_3               
0000cd58  __mspabi_slli_4               
0000cd56  __mspabi_slli_5               
0000cd54  __mspabi_slli_6               
0000cd52  __mspabi_slli_7               
0000cd50  __mspabi_slli_8               
0000cd4e  __mspabi_slli_9               
0000cd0a  __mspabi_srai                 
0000cd32  __mspabi_srai_1               
0000cd20  __mspabi_srai_10              
0000cd1e  __mspabi_srai_11              
0000cd1c  __mspabi_srai_12              
0000cd1a  __mspabi_srai_13              
0000cd18  __mspabi_srai_14              
0000cd16  __mspabi_srai_15              
0000cd30  __mspabi_srai_2               
0000cd2e  __mspabi_srai_3               
0000cd2c  __mspabi_srai_4               
0000cd2a  __mspabi_srai_5               
0000cd28  __mspabi_srai_6               
0000cd26  __mspabi_srai_7               
0000cd24  __mspabi_srai_8               
0000cd22  __mspabi_srai_9               
0000cc10  __mspabi_srli                 
0000cc56  __mspabi_srli_1               
0000cc32  __mspabi_srli_10              
0000cc2e  __mspabi_srli_11              
0000cc2a  __mspabi_srli_12              
0000cc26  __mspabi_srli_13              
0000cc22  __mspabi_srli_14              
0000cc1e  __mspabi_srli_15              
0000cc52  __mspabi_srli_2               
0000cc4e  __mspabi_srli_3               
0000cc4a  __mspabi_srli_4               
0000cc46  __mspabi_srli_5               
0000cc42  __mspabi_srli_6               
0000cc3e  __mspabi_srli_7               
0000cc3a  __mspabi_srli_8               
0000cc36  __mspabi_srli_9               
0000cdd0  _c_int00_noargs               
0000fffe  _reset_vector                 
000003b0  _stack                        
0000ce94  _system_post_cinit            
0000ce90  _system_pre_init              
0000ce8a  abort                         
00000270  arr                           
00000200  array                         
00000281  count                         
0000c4e0  debouncer                     
0000c62c  display                       
0000c9cc  filter                        
0000cae6  getOrientation                
0000ce6e  latch                         
0000c35a  main                          
0000ce2c  memcpy                        
0000cd62  onButtonPress                 
0000cdb2  onRead                        
0000025a  phi                           
0000c000  print                         
0000c914  printReadings                 
0000ce4c  putc                          
0000cdec  puts                          
0000ce58  readADC                       
00000276  samples                       
0000cc9e  scheduler                     
00000280  state                         
0000ce78  sysTick                       
00000240  tasks                         
0000025c  theta                         
0000027c  tick                          
0000025e  x0                            
00000260  y0                            
00000262  z0                            


GLOBAL SYMBOLS: SORTED BY Symbol Address 

address   name                          
-------   ----                          
00000000  IE1                           
00000001  IE2                           
00000002  IFG1                          
00000003  IFG2                          
00000010  P3REN                         
00000018  P3IN                          
00000019  P3OUT                         
0000001a  P3DIR                         
0000001b  P3SEL                         
00000020  P1IN                          
00000021  P1OUT                         
00000022  P1DIR                         
00000023  P1IFG                         
00000024  P1IES                         
00000025  P1IE                          
00000026  P1SEL                         
00000027  P1REN                         
00000028  P2IN                          
00000029  P2OUT                         
0000002a  P2DIR                         
0000002b  P2IFG                         
0000002c  P2IES                         
0000002d  P2IE                          
0000002e  P2SEL                         
0000002f  P2REN                         
00000041  P1SEL2                        
00000042  P2SEL2                        
00000043  P3SEL2                        
00000048  ADC10DTC0                     
00000049  ADC10DTC1                     
0000004a  ADC10AE0                      
00000050  __STACK_SIZE                  
00000053  BCSCTL3                       
00000056  DCOCTL                        
00000057  BCSCTL1                       
00000058  BCSCTL2                       
00000059  CACTL1                        
0000005a  CACTL2                        
0000005b  CAPD                          
0000005d  UCA0ABCTL                     
0000005e  UCA0IRTCTL                    
0000005f  UCA0IRRCTL                    
00000060  UCA0CTL0                      
00000061  UCA0CTL1                      
00000062  UCA0BR0                       
00000063  UCA0BR1                       
00000064  UCA0MCTL                      
00000065  UCA0STAT                      
00000066  UCA0RXBUF                     
00000067  UCA0TXBUF                     
00000068  UCB0CTL0                      
00000069  UCB0CTL1                      
0000006a  UCB0BR0                       
0000006b  UCB0BR1                       
0000006c  UCB0I2CIE                     
0000006d  UCB0STAT                      
0000006e  UCB0RXBUF                     
0000006f  UCB0TXBUF                     
00000118  UCB0I2COA                     
0000011a  UCB0I2CSA                     
0000011e  TA1IV                         
00000120  WDTCTL                        
00000128  FCTL1                         
0000012a  FCTL2                         
0000012c  FCTL3                         
0000012e  TA0IV                         
00000160  TA0CTL                        
00000162  TA0CCTL0                      
00000164  TA0CCTL1                      
00000166  TA0CCTL2                      
00000170  TA0R                          
00000172  TA0CCR0                       
00000174  TA0CCR1                       
00000176  TA0CCR2                       
00000180  TA1CTL                        
00000182  TA1CCTL0                      
00000184  TA1CCTL1                      
00000186  TA1CCTL2                      
00000190  TA1R                          
00000192  TA1CCR0                       
00000194  TA1CCR1                       
00000196  TA1CCR2                       
000001b0  ADC10CTL0                     
000001b2  ADC10CTL1                     
000001b4  ADC10MEM                      
000001bc  ADC10SA                       
00000200  array                         
00000240  tasks                         
0000025a  phi                           
0000025c  theta                         
0000025e  x0                            
00000260  y0                            
00000262  z0                            
00000270  arr                           
00000276  samples                       
0000027c  tick                          
00000280  state                         
00000281  count                         
000003b0  _stack                        
00000400  __STACK_END                   
000010c0  TLV_CHECKSUM                  
000010da  TLV_ADC10_1_TAG               
000010db  TLV_ADC10_1_LEN               
000010f6  TLV_DCO_30_TAG                
000010f7  TLV_DCO_30_LEN                
000010f8  CALDCO_16MHZ                  
000010f9  CALBC1_16MHZ                  
000010fa  CALDCO_12MHZ                  
000010fb  CALBC1_12MHZ                  
000010fc  CALDCO_8MHZ                   
000010fd  CALBC1_8MHZ                   
000010fe  CALDCO_1MHZ                   
000010ff  CALBC1_1MHZ                   
0000c000  print                         
0000c35a  main                          
0000c4e0  debouncer                     
0000c62c  display                       
0000c742  _Q15atan2PU                   
0000c84a  _Qmag                         
0000c914  printReadings                 
0000c9cc  filter                        
0000ca6a  __TI_decompress_lzss          
0000cae6  getOrientation                
0000cb50  _UQ15div                      
0000cbb4  _Q15mpy                       
0000cc10  __mspabi_srli                 
0000cc1e  __mspabi_srli_15              
0000cc22  __mspabi_srli_14              
0000cc26  __mspabi_srli_13              
0000cc2a  __mspabi_srli_12              
0000cc2e  __mspabi_srli_11              
0000cc32  __mspabi_srli_10              
0000cc36  __mspabi_srli_9               
0000cc3a  __mspabi_srli_8               
0000cc3e  __mspabi_srli_7               
0000cc42  __mspabi_srli_6               
0000cc46  __mspabi_srli_5               
0000cc4a  __mspabi_srli_4               
0000cc4e  __mspabi_srli_3               
0000cc52  __mspabi_srli_2               
0000cc56  __mspabi_srli_1               
0000cc5c  __TI_auto_init_nobinit_nopinit
0000cc9e  scheduler                     
0000ccde  _Q15umpy                      
0000cd0a  __mspabi_srai                 
0000cd16  __mspabi_srai_15              
0000cd18  __mspabi_srai_14              
0000cd1a  __mspabi_srai_13              
0000cd1c  __mspabi_srai_12              
0000cd1e  __mspabi_srai_11              
0000cd20  __mspabi_srai_10              
0000cd22  __mspabi_srai_9               
0000cd24  __mspabi_srai_8               
0000cd26  __mspabi_srai_7               
0000cd28  __mspabi_srai_6               
0000cd2a  __mspabi_srai_5               
0000cd2c  __mspabi_srai_4               
0000cd2e  __mspabi_srai_3               
0000cd30  __mspabi_srai_2               
0000cd32  __mspabi_srai_1               
0000cd36  __mspabi_slli                 
0000cd42  __mspabi_slli_15              
0000cd44  __mspabi_slli_14              
0000cd46  __mspabi_slli_13              
0000cd48  __mspabi_slli_12              
0000cd4a  __mspabi_slli_11              
0000cd4c  __mspabi_slli_10              
0000cd4e  __mspabi_slli_9               
0000cd50  __mspabi_slli_8               
0000cd52  __mspabi_slli_7               
0000cd54  __mspabi_slli_6               
0000cd56  __mspabi_slli_5               
0000cd58  __mspabi_slli_4               
0000cd5a  __mspabi_slli_3               
0000cd5c  __mspabi_slli_2               
0000cd5e  __mspabi_slli_1               
0000cd62  onButtonPress                 
0000cd8c  __mspabi_mpyl                 
0000cd8c  __mspabi_mpyl_sw              
0000cdb2  onRead                        
0000cdd0  _c_int00_noargs               
0000cdec  puts                          
0000ce06  __TI_zero_init_nomemset       
0000ce1a  __TI_decompress_none          
0000ce2c  memcpy                        
0000ce3c  __mspabi_func_epilog_7        
0000ce3e  __mspabi_func_epilog_6        
0000ce40  __mspabi_func_epilog_5        
0000ce42  __mspabi_func_epilog_4        
0000ce44  __mspabi_func_epilog_3        
0000ce46  __mspabi_func_epilog_2        
0000ce48  __mspabi_func_epilog_1        
0000ce4c  putc                          
0000ce58  readADC                       
0000ce64  USCI0RX_ISR                   
0000ce6e  latch                         
0000ce78  sysTick                       
0000ce82  __TI_ISR_TRAP                 
0000ce8a  C$$EXIT                       
0000ce8a  abort                         
0000ce90  _system_pre_init              
0000ce94  _system_post_cinit            
0000ce96  _Q16div_coeffs                
0000cf96  _Q16sqrt_coeffs               
0000d114  _Q16atanPU_coeffs             
0000d1de  __TI_Handler_Table_Base       
0000d1e4  __TI_Handler_Table_Limit      
0000d1e8  __TI_CINIT_Base               
0000d1f0  __TI_CINIT_Limit              
0000ffe0  __TI_int00                    
0000ffe4  __TI_int02                    
0000ffe6  __TI_int03                    
0000ffea  __TI_int05                    
0000ffec  __TI_int06                    
0000ffee  __TI_int07                    
0000fff0  __TI_int08                    
0000fff2  __TI_int09                    
0000fff4  __TI_int10                    
0000fff6  __TI_int11                    
0000fff8  __TI_int12                    
0000fffa  __TI_int13                    
0000fffc  __TI_int14                    
0000fffe  _reset_vector                 
ffffffff  __TI_pprof_out_hndl           
ffffffff  __TI_prof_data_size           
ffffffff  __TI_prof_data_start          
ffffffff  __c_args__                    

[227 symbols]
